=/pretest.json
{
  _: [],
  f: [
    '/home/runner/work/exp-thermal-models-edm-coep/exp-thermal-models-edm-coep/experiment/pretest.json'
  ],
  files: [
    '/home/runner/work/exp-thermal-models-edm-coep/exp-thermal-models-edm-coep/experiment/pretest.json'
  ],
  c: 'assessment',
  contentTypes: 'assessment',
  'content-types': 'assessment',
  '$0': 'validate'
}
Validated true
=/posttest.json
{
  _: [],
  f: [
    '/home/runner/work/exp-thermal-models-edm-coep/exp-thermal-models-edm-coep/experiment/posttest.json'
  ],
  files: [
    '/home/runner/work/exp-thermal-models-edm-coep/exp-thermal-models-edm-coep/experiment/posttest.json'
  ],
  c: 'assessment',
  contentTypes: 'assessment',
  'content-types': 'assessment',
  '$0': 'validate'
}
Validated true
