
/home/runner/work/exp-thermal-models-edm-coep/exp-thermal-models-edm-coep/experiment/simulation/js/chosen.jquery.min.js
  10:2270   warning  'a' is defined but never used           no-unused-vars
  10:2404   warning  'a' is defined but never used           no-unused-vars
  10:3216   warning  'a' is defined but never used           no-unused-vars
  10:4082   warning  'b' is assigned a value but never used  no-unused-vars
  10:4370   warning  'jQuery' is not defined                 no-undef
  10:4507   warning  'd' is defined but never used           no-unused-vars
  10:9087   warning  'a' is defined but never used           no-unused-vars
  10:12567  warning  'a' is defined but never used           no-unused-vars
  10:20146  warning  'd' is assigned a value but never used  no-unused-vars
  10:20852  warning  'AbstractChosen' is not defined         no-undef
  10:20895  warning  'b' is assigned a value but never used  no-unused-vars

/home/runner/work/exp-thermal-models-edm-coep/exp-thermal-models-edm-coep/experiment/simulation/js/dibitontosalonitis.js
   65:28  warning  'jQuery' is not defined                                no-undef
   71:2   warning  Unnecessary semicolon                                  no-extra-semi
   73:10  warning  'reloadScreen' is defined but never used               no-unused-vars
   75:2   warning  '$' is not defined                                     no-undef
  102:11  warning  'i' is already defined                                 no-redeclare
  151:2   warning  Unnecessary semicolon                                  no-extra-semi
  178:11  warning  'i' is already defined                                 no-redeclare
  187:33  warning  'c' is defined but never used                          no-unused-vars
  203:2   warning  Unnecessary semicolon                                  no-extra-semi
  205:10  warning  'drawCharts' is defined but never used                 no-unused-vars
  220:5   warning  '$' is not defined                                     no-undef
  221:3   warning  'chart1' is assigned a value but never used            no-unused-vars
  221:16  warning  'Highcharts' is not defined                            no-undef
  282:10  warning  'dibitontoCalculation' is defined but never used       no-unused-vars
  295:14  warning  'time' is not defined                                  no-undef
  295:22  warning  'td' is not defined                                    no-undef
  298:24  warning  'time' is not defined                                  no-undef
  302:31  warning  'ssp' is defined but never used                        no-unused-vars
  326:10  warning  'trialChange' is defined but never used                no-unused-vars
  328:2   warning  '$' is not defined                                     no-undef
  329:2   warning  '$' is not defined                                     no-undef
  333:3   warning  '$' is not defined                                     no-undef
  336:19  warning  '$' is not defined                                     no-undef
  340:4   warning  '$' is not defined                                     no-undef
  342:4   warning  '$' is not defined                                     no-undef
  351:8   warning  'circle' is already defined                            no-redeclare
  356:4   warning  '$' is not defined                                     no-undef
  358:4   warning  '$' is not defined                                     no-undef
  366:8   warning  'circle' is already defined                            no-redeclare
  367:8   warning  'circle' is already defined                            no-redeclare
  371:4   warning  '$' is not defined                                     no-undef
  373:4   warning  '$' is not defined                                     no-undef
  381:8   warning  'circle' is already defined                            no-redeclare
  382:8   warning  'circle' is already defined                            no-redeclare
  386:4   warning  '$' is not defined                                     no-undef
  388:4   warning  '$' is not defined                                     no-undef
  396:8   warning  'circle' is already defined                            no-redeclare
  397:8   warning  'circle' is already defined                            no-redeclare
  401:4   warning  '$' is not defined                                     no-undef
  403:4   warning  '$' is not defined                                     no-undef
  411:8   warning  'circle' is already defined                            no-redeclare
  412:8   warning  'circle' is already defined                            no-redeclare
  412:8   warning  'circle' is assigned a value but never used            no-unused-vars
  417:5   warning  'graphCalculation' is assigned a value but never used  no-unused-vars
  420:6   warning  'r' is assigned a value but never used                 no-unused-vars
  426:22  warning  'ssx' is assigned a value but never used               no-unused-vars
  426:60  warning  'sxxx' is already defined                              no-redeclare
  447:10  warning  'i' is already defined                                 no-redeclare
  464:1   warning  '$' is not defined                                     no-undef
  465:2   warning  '$' is not defined                                     no-undef
  467:6   warning  'a' is assigned a value but never used                 no-unused-vars
  468:15  warning  'Raphael' is not defined                               no-undef
  473:15  warning  'Raphael' is not defined                               no-undef
  475:6   warning  'diagram' is already defined                           no-redeclare
  475:6   warning  'diagram' is assigned a value but never used           no-unused-vars
  476:6   warning  'bendLine' is already defined                          no-redeclare
  476:6   warning  'bendLine' is assigned a value but never used          no-unused-vars
  477:6   warning  'drawArrow' is already defined                         no-redeclare
  477:6   warning  'drawArrow' is assigned a value but never used         no-unused-vars
  479:2   warning  '$' is not defined                                     no-undef
  482:2   warning  '$' is not defined                                     no-undef
  483:13  warning  '$' is not defined                                     no-undef
  484:21  warning  '$' is not defined                                     no-undef
  489:2   warning  '$' is not defined                                     no-undef
  490:13  warning  '$' is not defined                                     no-undef
  491:21  warning  '$' is not defined                                     no-undef
  496:2   warning  '$' is not defined                                     no-undef
  497:13  warning  '$' is not defined                                     no-undef
  498:21  warning  '$' is not defined                                     no-undef
  503:2   warning  '$' is not defined                                     no-undef
  504:13  warning  '$' is not defined                                     no-undef
  505:21  warning  '$' is not defined                                     no-undef
  509:2   warning  '$' is not defined                                     no-undef
  515:2   warning  '$' is not defined                                     no-undef
  525:3   warning  '$' is not defined                                     no-undef
  527:2   warning  '$' is not defined                                     no-undef
  528:2   warning  '$' is not defined                                     no-undef
  537:5   warning  'image' is assigned a value but never used             no-unused-vars
  539:2   warning  'swfobject' is not defined                             no-undef

/home/runner/work/exp-thermal-models-edm-coep/exp-thermal-models-edm-coep/experiment/simulation/js/highcharts.js
   10:101  warning  'b' is already defined                                           no-redeclare
   10:131  warning  'd' is already defined                                           no-redeclare
   10:161  warning  'e' is already defined                                           no-redeclare
   10:174  warning  'c' is already defined                                           no-redeclare
   10:411  warning  'a' is already defined                                           no-redeclare
   11:145  warning  'g' is already defined                                           no-redeclare
   17:475  warning  'e' is already defined                                           no-redeclare
   18:21   warning  'i' is already defined                                           no-redeclare
   23:184  warning  'd' is already defined                                           no-redeclare
   24:223  warning  'Ab' is already defined                                          no-redeclare
   25:257  warning  'a' is already defined                                           no-redeclare
   25:357  warning  'd' is already defined                                           no-redeclare
   25:401  warning  'd' is already defined                                           no-redeclare
   31:283  warning  'e' is already defined                                           no-redeclare
   31:341  warning  'c' is already defined                                           no-redeclare
   32:27   warning  'd' is already defined                                           no-redeclare
   32:196  warning  'a' is already defined                                           no-redeclare
   32:242  warning  'c' is already defined                                           no-redeclare
   37:160  warning  'c' is already defined                                           no-redeclare
   41:89   warning  'a' is already defined                                           no-redeclare
   42:335  warning  'f' is already defined                                           no-redeclare
   43:62   warning  'a' is already defined                                           no-redeclare
   45:212  warning  'e' is already defined                                           no-redeclare
   45:227  warning  'd' is already defined                                           no-redeclare
   46:315  warning  'a' is already defined                                           no-redeclare
   49:387  warning  'b' is already defined                                           no-redeclare
   50:213  warning  'a' is already defined                                           no-redeclare
   56:28   warning  'a' is already defined                                           no-redeclare
   56:59   warning  'A' is already defined                                           no-redeclare
   57:79   warning  'h' is already defined                                           no-redeclare
   57:240  warning  'a' is already defined                                           no-redeclare
   72:52   warning  'a' is already defined                                           no-redeclare
   72:79   warning  'b' is already defined                                           no-redeclare
   72:171  warning  'b' is already defined                                           no-redeclare
   73:103  warning  'b' is already defined                                           no-redeclare
   73:151  warning  'b' is already defined                                           no-redeclare
   73:166  warning  'c' is already defined                                           no-redeclare
   74:292  warning  'jQuery' is not defined                                          no-undef
   74:299  warning  'l' is already defined                                           no-redeclare
   74:386  warning  'lc' is already defined                                          no-redeclare
   74:397  warning  'qb' is already defined                                          no-redeclare
   74:487  warning  'Q' is already defined                                           no-redeclare
   75:58   warning  'ha' is already defined                                          no-redeclare
   75:94   warning  'Na' is already defined                                          no-redeclare
   75:229  warning  'ga' is already defined                                          no-redeclare
   75:397  warning  'Ub' is already defined                                          no-redeclare
   75:476  warning  'Eb' is already defined                                          no-redeclare
   76:88   warning  'jQuery' is not defined                                          no-undef
   76:115  warning  'jQuery' is not defined                                          no-undef
   84:181  warning  'y' is already defined                                           no-redeclare
   85:447  warning  Expected a conditional expression and instead saw an assignment  no-cond-assign
   87:95   warning  Expected a conditional expression and instead saw an assignment  no-cond-assign
   92:227  warning  'a' is already defined                                           no-redeclare
   92:486  warning  'b' is already defined                                           no-redeclare
   95:147  warning  'c' is already defined                                           no-redeclare
  101:382  warning  'c' is already defined                                           no-redeclare
  103:98   warning  'c' is already defined                                           no-redeclare
  106:322  warning  'g' is already defined                                           no-redeclare
  108:118  warning  'f' is already defined                                           no-redeclare
  108:126  warning  'd' is already defined                                           no-redeclare
  108:341  warning  'a' is already defined                                           no-redeclare
  108:474  warning  'b' is already defined                                           no-redeclare
  108:493  warning  'c' is already defined                                           no-redeclare
  110:29   warning  'b' is already defined                                           no-redeclare
  110:41   warning  'c' is already defined                                           no-redeclare
  110:53   warning  'a' is already defined                                           no-redeclare
  111:95   warning  'd' is already defined                                           no-redeclare
  115:39   warning  Expected a conditional expression and instead saw an assignment  no-cond-assign
  117:3    warning  'c' is already defined                                           no-redeclare
  117:26   warning  'd' is already defined                                           no-redeclare
  120:293  warning  'b' is already defined                                           no-redeclare
  122:153  warning  'a' is already defined                                           no-redeclare
  124:342  warning  'd' is already defined                                           no-redeclare
  125:167  warning  'd' is already defined                                           no-redeclare
  125:190  warning  'c' is already defined                                           no-redeclare
  128:32   warning  'a' is already defined                                           no-redeclare
  129:327  warning  'b' is already defined                                           no-redeclare
  131:292  warning  'a' is already defined                                           no-redeclare
  133:208  warning  'b' is already defined                                           no-redeclare
  135:334  warning  'a' is already defined                                           no-redeclare
  136:368  warning  'a' is already defined                                           no-redeclare
  141:34   warning  'a' is already defined                                           no-redeclare
  141:42   warning  'b' is already defined                                           no-redeclare
  141:50   warning  'c' is already defined                                           no-redeclare
  141:58   warning  'd' is already defined                                           no-redeclare
  143:39   warning  Unnecessary escape character: \.                                 no-useless-escape
  148:349  warning  'f' is already defined                                           no-redeclare
  150:379  warning  'b' is already defined                                           no-redeclare
  150:393  warning  'a' is already defined                                           no-redeclare
  151:218  warning  Expected a conditional expression and instead saw an assignment  no-cond-assign
  152:381  warning  'h' is already defined                                           no-redeclare
  154:141  warning  'g' is already defined                                           no-redeclare
  156:211  warning  'h' is already defined                                           no-redeclare
  156:275  warning  'z' is already defined                                           no-redeclare
  159:446  warning  'a' is already defined                                           no-redeclare
  162:167  warning  Expected a conditional expression and instead saw an assignment  no-cond-assign
  163:347  warning  'b' is already defined                                           no-redeclare
  164:183  warning  'y' is assigned a value but never used                           no-unused-vars
  164:213  warning  'f' is already defined                                           no-redeclare
  164:241  warning  Expected a conditional expression and instead saw an assignment  no-cond-assign
  167:238  warning  'm' is already defined                                           no-redeclare

/home/runner/work/exp-thermal-models-edm-coep/exp-thermal-models-edm-coep/experiment/simulation/js/highcharts.src.js
    13:10   warning  'document' is already defined as a built-in global variable       no-redeclare
    13:20   warning  'window' is already defined as a built-in global variable         no-redeclare
    13:28   warning  'navigator' is already defined as a built-in global variable      no-redeclare
    13:39   warning  'setInterval' is already defined as a built-in global variable    no-redeclare
    13:52   warning  'clearInterval' is already defined as a built-in global variable  no-redeclare
    13:67   warning  'clearTimeout' is already defined as a built-in global variable   no-redeclare
    13:81   warning  'setTimeout' is already defined as a built-in global variable     no-redeclare
    13:93   warning  'location' is already defined as a built-in global variable       no-redeclare
    13:111  warning  '$' is defined but never used                                     no-unused-vars
  2425:45   warning  Unnecessary escape character: \"                                  no-useless-escape
  2425:79   warning  Unnecessary escape character: \"                                  no-useless-escape
  6569:8    warning  'lastWasOutsidePlot' is assigned a value but never used           no-unused-vars
  9609:23   warning  Unnecessary escape character: \.                                  no-useless-escape

/home/runner/work/exp-thermal-models-edm-coep/exp-thermal-models-edm-coep/experiment/simulation/js/jquery-1.5.1.min.js
  16:420    warning  Empty block statement                                            no-empty
  16:477    warning  Empty block statement                                            no-empty
  16:3390   warning  Expected a conditional expression and instead saw an assignment  no-cond-assign
  16:3617   warning  'b' is defined but never used                                    no-unused-vars
  16:3886   warning  'd' is defined but never used                                    no-unused-vars
  16:4063   warning  'e' is defined but never used                                    no-unused-vars
  16:4275   warning  'l' is defined but never used                                    no-unused-vars
  16:5767   warning  Empty block statement                                            no-empty
  16:6044   warning  Unnecessary escape character: \-                                 no-useless-escape
  16:6146   warning  Unnecessary escape character: \/                                 no-useless-escape
  16:6231   warning  Unnecessary escape character: \-                                 no-useless-escape
  16:6281   warning  Unnecessary escape character: \/                                 no-useless-escape
  16:6320   warning  Unnecessary escape character: \/                                 no-useless-escape
  16:9664   warning  Empty block statement                                            no-empty
  16:10223  warning  Empty block statement                                            no-empty
  16:10668  warning  'ActiveXObject' is not defined                                   no-undef
  16:11468  warning  Empty block statement                                            no-empty
  16:13134  warning  Unnecessary catch clause                                         no-useless-catch
  16:16420  warning  Empty block statement                                            no-empty
  16:20728  warning  'b' is defined but never used                                    no-unused-vars
  16:21551  warning  'b' is defined but never used                                    no-unused-vars
  16:22777  warning  Expected a conditional expression and instead saw an assignment  no-cond-assign
  16:25734  warning  Empty block statement                                            no-empty
  16:26067  warning  Expected a conditional expression and instead saw an assignment  no-cond-assign
  16:26632  warning  'i' is defined but never used                                    no-unused-vars
  16:26862  warning  Expected a conditional expression and instead saw an assignment  no-cond-assign
  16:27451  warning  'g' is assigned a value but never used                           no-unused-vars
  16:28281  warning  Empty block statement                                            no-empty
  16:28650  warning  Empty block statement                                            no-empty
  16:31994  warning  Empty block statement                                            no-empty
  16:32342  warning  'a' is defined but never used                                    no-unused-vars
  16:32344  warning  'b' is defined but never used                                    no-unused-vars
  16:32779  warning  'a' is defined but never used                                    no-unused-vars
  16:33850  warning  'a' is defined but never used                                    no-unused-vars
  16:33852  warning  'b' is defined but never used                                    no-unused-vars
  16:33991  warning  'a' is defined but never used                                    no-unused-vars
  16:37347  warning  Unnecessary escape character: \[                                 no-useless-escape
  16:37373  warning  Unnecessary escape character: \[                                 no-useless-escape
  16:37398  warning  Unnecessary escape character: \[                                 no-useless-escape
  16:39092  warning  Expected a conditional expression and instead saw an assignment  no-cond-assign
  16:40105  warning  Unnecessary escape character: \-                                 no-useless-escape
  16:40146  warning  Unnecessary escape character: \-                                 no-useless-escape
  16:40196  warning  Unnecessary escape character: \-                                 no-useless-escape
  16:40246  warning  Unnecessary escape character: \-                                 no-useless-escape
  16:40310  warning  Unnecessary escape character: \-                                 no-useless-escape
  16:40357  warning  Unnecessary escape character: \*                                 no-useless-escape
  16:40359  warning  Unnecessary escape character: \-                                 no-useless-escape
  16:40429  warning  Unnecessary escape character: \-                                 no-useless-escape
  16:40442  warning  Unnecessary escape character: \-                                 no-useless-escape
  16:40460  warning  Unnecessary escape character: \-                                 no-useless-escape
  16:40541  warning  Unnecessary escape character: \-                                 no-useless-escape
  16:40578  warning  Unnecessary escape character: \-                                 no-useless-escape
  16:40608  warning  Unnecessary escape character: \)                                 no-useless-escape
  16:40617  warning  Unnecessary escape character: \(                                 no-useless-escape
  16:40619  warning  Unnecessary escape character: \)                                 no-useless-escape
  16:40940  warning  Expected a conditional expression and instead saw an assignment  no-cond-assign
  16:40992  warning  Empty block statement                                            no-empty
  16:42327  warning  'b' is defined but never used                                    no-unused-vars
  16:42482  warning  Unnecessary escape character: \-                                 no-useless-escape
  16:44724  warning  Expected a conditional expression and instead saw an assignment  no-cond-assign
  16:44799  warning  Expected a 'break' statement before 'case'                       no-fallthrough
  16:44816  warning  Expected a conditional expression and instead saw an assignment  no-cond-assign
  16:45929  warning  Unnecessary escape character: \[                                 no-useless-escape
  16:45941  warning  Unnecessary escape character: \(                                 no-useless-escape
  16:48577  warning  Unnecessary escape character: \-                                 no-useless-escape
  16:48590  warning  Unnecessary escape character: \-                                 no-useless-escape
  16:48999  warning  Empty block statement                                            no-empty
  16:49281  warning  Empty block statement                                            no-empty
  16:49616  warning  Unnecessary escape character: \=                                 no-useless-escape
  16:49740  warning  Empty block statement                                            no-empty
  16:50595  warning  Expected a conditional expression and instead saw an assignment  no-cond-assign
  16:50951  warning  Unnecessary escape character: \[                                 no-useless-escape
  16:50953  warning  Unnecessary escape character: \.                                 no-useless-escape
  16:53883  warning  'd' is defined but never used                                    no-unused-vars
  16:62409  warning  Empty block statement                                            no-empty
  16:63670  warning  Expected a conditional expression and instead saw an assignment  no-cond-assign
  16:64623  warning  Unnecessary escape character: \-                                 no-useless-escape
  16:64797  warning  Unnecessary escape character: \-                                 no-useless-escape
  16:64864  warning  Unnecessary escape character: \+                                 no-useless-escape
  16:64866  warning  Unnecessary escape character: \.                                 no-useless-escape
  16:64868  warning  Unnecessary escape character: \-                                 no-useless-escape
  16:64881  warning  Unnecessary escape character: \/                                 no-useless-escape
  16:65952  warning  'c' is defined but never used                                    no-unused-vars
  16:67348  warning  Expected a conditional expression and instead saw an assignment  no-cond-assign
  16:67410  warning  Expected a conditional expression and instead saw an assignment  no-cond-assign
  16:68265  warning  Expected a conditional expression and instead saw an assignment  no-cond-assign
  16:70535  warning  Unnecessary escape character: \=                                 no-useless-escape
  16:72842  warning  Empty block statement                                            no-empty
  16:73442  warning  Unnecessary escape character: \-                                 no-useless-escape
  16:73454  warning  Unnecessary escape character: \-                                 no-useless-escape
  16:79795  warning  Empty block statement                                            no-empty
  16:80932  warning  'f' is assigned a value but never used                           no-unused-vars
  16:82397  warning  'g' is assigned a value but never used                           no-unused-vars

/home/runner/work/exp-thermal-models-edm-coep/exp-thermal-models-edm-coep/experiment/simulation/js/jquery-1.6.2.min.js
  16:820    warning  Empty block statement                                            no-empty
  16:877    warning  Empty block statement                                            no-empty
  16:4181   warning  Expected a conditional expression and instead saw an assignment  no-cond-assign
  16:4409   warning  'b' is defined but never used                                    no-unused-vars
  16:4685   warning  'd' is defined but never used                                    no-unused-vars
  16:4861   warning  'd' is defined but never used                                    no-unused-vars
  16:5073   warning  'l' is defined but never used                                    no-unused-vars
  16:6877   warning  Empty block statement                                            no-empty
  16:7181   warning  Unnecessary escape character: \-                                 no-useless-escape
  16:7283   warning  Unnecessary escape character: \/                                 no-useless-escape
  16:7368   warning  Unnecessary escape character: \-                                 no-useless-escape
  16:7418   warning  Unnecessary escape character: \/                                 no-useless-escape
  16:7457   warning  Unnecessary escape character: \/                                 no-useless-escape
  16:10926  warning  Empty block statement                                            no-empty
  16:11936  warning  'ActiveXObject' is not defined                                   no-undef
  16:16920  warning  'r' is defined but never used                                    no-unused-vars
  16:20036  warning  Redundant double negation                                        no-extra-boolean-cast
  16:20561  warning  Redundant double negation                                        no-extra-boolean-cast
  16:22433  warning  'e' is defined but never used                                    no-unused-vars
  16:23155  warning  'c' is assigned a value but never used                           no-unused-vars
  16:23265  warning  Expected a conditional expression and instead saw an assignment  no-cond-assign
  16:23657  warning  Unnecessary escape character: \:                                 no-useless-escape
  16:23975  warning  Empty block statement                                            no-empty
  16:25072  warning  Expected a conditional expression and instead saw an assignment  no-cond-assign
  16:30691  warning  Expected a conditional expression and instead saw an assignment  no-cond-assign
  16:31256  warning  'i' is defined but never used                                    no-unused-vars
  16:31485  warning  Expected a conditional expression and instead saw an assignment  no-cond-assign
  16:32074  warning  'g' is assigned a value but never used                           no-unused-vars
  17:1062   warning  Empty block statement                                            no-empty
  17:4632   warning  'a' is defined but never used                                    no-unused-vars
  17:4634   warning  'b' is defined but never used                                    no-unused-vars
  17:5042   warning  'a' is defined but never used                                    no-unused-vars
  17:6125   warning  'a' is defined but never used                                    no-unused-vars
  17:6127   warning  'b' is defined but never used                                    no-unused-vars
  17:6266   warning  'a' is defined but never used                                    no-unused-vars
  17:9740   warning  Unnecessary escape character: \[                                 no-useless-escape
  17:9766   warning  Unnecessary escape character: \[                                 no-useless-escape
  17:9791   warning  Unnecessary escape character: \[                                 no-useless-escape
  17:11485  warning  Expected a conditional expression and instead saw an assignment  no-cond-assign
  17:12497  warning  Unnecessary escape character: \-                                 no-useless-escape
  17:12538  warning  Unnecessary escape character: \-                                 no-useless-escape
  17:12588  warning  Unnecessary escape character: \-                                 no-useless-escape
  17:12638  warning  Unnecessary escape character: \-                                 no-useless-escape
  17:12702  warning  Unnecessary escape character: \-                                 no-useless-escape
  17:12749  warning  Unnecessary escape character: \*                                 no-useless-escape
  17:12751  warning  Unnecessary escape character: \-                                 no-useless-escape
  17:12821  warning  Unnecessary escape character: \-                                 no-useless-escape
  17:12834  warning  Unnecessary escape character: \-                                 no-useless-escape
  17:12852  warning  Unnecessary escape character: \-                                 no-useless-escape
  17:12933  warning  Unnecessary escape character: \-                                 no-useless-escape
  17:12970  warning  Unnecessary escape character: \-                                 no-useless-escape
  17:13000  warning  Unnecessary escape character: \)                                 no-useless-escape
  17:13009  warning  Unnecessary escape character: \(                                 no-useless-escape
  17:13011  warning  Unnecessary escape character: \)                                 no-useless-escape
  17:13331  warning  Expected a conditional expression and instead saw an assignment  no-cond-assign
  17:14711  warning  'b' is defined but never used                                    no-unused-vars
  17:14866  warning  Unnecessary escape character: \-                                 no-useless-escape
  17:17568  warning  Expected a conditional expression and instead saw an assignment  no-cond-assign
  17:17643  warning  Expected a 'break' statement before 'case'                       no-fallthrough
  17:17660  warning  Expected a conditional expression and instead saw an assignment  no-cond-assign
  17:18773  warning  Unnecessary escape character: \[                                 no-useless-escape
  17:18785  warning  Unnecessary escape character: \(                                 no-useless-escape
  17:21483  warning  Unnecessary escape character: \-                                 no-useless-escape
  17:21496  warning  Unnecessary escape character: \-                                 no-useless-escape
  17:21905  warning  Empty block statement                                            no-empty
  17:22187  warning  Empty block statement                                            no-empty
  17:22568  warning  Unnecessary escape character: \=                                 no-useless-escape
  17:22749  warning  Empty block statement                                            no-empty
  17:23605  warning  Expected a conditional expression and instead saw an assignment  no-cond-assign
  17:23961  warning  Unnecessary escape character: \[                                 no-useless-escape
  17:23963  warning  Unnecessary escape character: \.                                 no-useless-escape
  17:27092  warning  'd' is defined but never used                                    no-unused-vars
  17:27559  warning  Unnecessary escape character: \-                                 no-useless-escape
  17:27561  warning  Unnecessary escape character: \-                                 no-useless-escape
  18:2210   warning  Unnecessary escape character: \-                                 no-useless-escape
  18:2225   warning  Unnecessary escape character: \.                                 no-useless-escape
  18:3245   warning  Empty block statement                                            no-empty
  18:4545   warning  Expected a conditional expression and instead saw an assignment  no-cond-assign
  18:5498   warning  Unnecessary escape character: \-                                 no-useless-escape
  18:5510   warning  Unnecessary escape character: \-                                 no-useless-escape
  18:5698   warning  Unnecessary escape character: \+                                 no-useless-escape
  18:5700   warning  Unnecessary escape character: \.                                 no-useless-escape
  18:5702   warning  Unnecessary escape character: \-                                 no-useless-escape
  18:5718   warning  Unnecessary escape character: \/                                 no-useless-escape
  18:6784   warning  'c' is defined but never used                                    no-unused-vars
  18:8179   warning  Expected a conditional expression and instead saw an assignment  no-cond-assign
  18:8241   warning  Expected a conditional expression and instead saw an assignment  no-cond-assign
  18:9110   warning  Expected a conditional expression and instead saw an assignment  no-cond-assign
  18:11453  warning  Unnecessary escape character: \=                                 no-useless-escape
  18:13818  warning  Empty block statement                                            no-empty
  18:14449  warning  Unnecessary escape character: \-                                 no-useless-escape
  18:14461  warning  Unnecessary escape character: \-                                 no-useless-escape
  18:20898  warning  Empty block statement                                            no-empty
  18:22035  warning  'e' is assigned a value but never used                           no-unused-vars
  18:22514  warning  'g' is defined but never used                                    no-unused-vars

/home/runner/work/exp-thermal-models-edm-coep/exp-thermal-models-edm-coep/experiment/simulation/js/jquery-ui-1.8.16.custom.min.js
   18:30   warning  'jQuery' is not defined                                          no-undef
   19:1    warning  Unnecessary semicolon                                            no-extra-semi
   28:149  warning  Empty block statement                                            no-empty
   28:358  warning  Empty block statement                                            no-empty
   33:501  warning  'jQuery' is not defined                                          no-undef
   34:1    warning  Unnecessary semicolon                                            no-extra-semi
   49:186  warning  Expected a conditional expression and instead saw an assignment  no-cond-assign
   50:467  warning  'jQuery' is not defined                                          no-undef
   51:1    warning  Unnecessary semicolon                                            no-extra-semi
   66:340  warning  'jQuery' is not defined                                          no-undef
   67:1    warning  Unnecessary semicolon                                            no-extra-semi
  116:466  warning  'jQuery' is not defined                                          no-undef
  117:1    warning  Unnecessary semicolon                                            no-extra-semi
  142:4    warning  Expected a conditional expression and instead saw an assignment  no-cond-assign
  143:68   warning  'jQuery' is not defined                                          no-undef
  144:1    warning  Unnecessary semicolon                                            no-extra-semi
  184:427  warning  Expected a conditional expression and instead saw an assignment  no-cond-assign
  192:207  warning  'jQuery' is not defined                                          no-undef
  193:1    warning  Unnecessary semicolon                                            no-extra-semi
  210:309  warning  Expected a conditional expression and instead saw an assignment  no-cond-assign
  214:306  warning  'jQuery' is not defined                                          no-undef
  215:1    warning  Unnecessary semicolon                                            no-extra-semi
  274:260  warning  'jQuery' is not defined                                          no-undef
  275:1    warning  Unnecessary semicolon                                            no-extra-semi
  304:233  warning  'jQuery' is not defined                                          no-undef
  305:1    warning  Unnecessary semicolon                                            no-extra-semi
  320:325  warning  Expected a 'break' statement before 'case'                       no-fallthrough
  330:156  warning  'jQuery' is not defined                                          no-undef
  335:229  warning  'result' is not defined                                          no-undef
  335:362  warning  'result' is not defined                                          no-undef
  335:378  warning  'result' is not defined                                          no-undef
  335:447  warning  'result' is not defined                                          no-undef
  336:210  warning  'jQuery' is not defined                                          no-undef
  337:1    warning  Unnecessary semicolon                                            no-extra-semi
  363:44   warning  'jQuery' is not defined                                          no-undef
  364:1    warning  Unnecessary semicolon                                            no-extra-semi
  403:309  warning  'jQuery' is not defined                                          no-undef
  404:1    warning  Unnecessary semicolon                                            no-extra-semi
  436:424  warning  'jQuery' is not defined                                          no-undef
  437:1    warning  Unnecessary semicolon                                            no-extra-semi
  457:135  warning  Expected a conditional expression and instead saw an assignment  no-cond-assign
  469:115  warning  Empty block statement                                            no-empty
  469:249  warning  Empty block statement                                            no-empty
  471:28   warning  't' is not defined                                               no-undef
  471:288  warning  'jQuery' is not defined                                          no-undef
  472:1    warning  Unnecessary semicolon                                            no-extra-semi
  503:210  warning  Expected a conditional expression and instead saw an assignment  no-cond-assign
  504:296  warning  Expected a conditional expression and instead saw an assignment  no-cond-assign
  526:354  warning  Unexpected constant condition                                    no-constant-condition
  532:162  warning  Empty block statement                                            no-empty
  533:185  warning  Expected a conditional expression and instead saw an assignment  no-cond-assign
  554:268  warning  'jQuery' is not defined                                          no-undef
  555:1    warning  Unnecessary semicolon                                            no-extra-semi
  570:357  warning  'jQuery' is not defined                                          no-undef
  571:1    warning  Unnecessary semicolon                                            no-extra-semi
  580:1    warning  'jQuery' is not defined                                          no-undef
  580:103  warning  Expected a conditional expression and instead saw an assignment  no-cond-assign
  580:244  warning  Expected a conditional expression and instead saw an assignment  no-cond-assign
  580:276  warning  Unnecessary escape character: \%                                 no-useless-escape
  580:306  warning  Unnecessary escape character: \%                                 no-useless-escape
  580:336  warning  Unnecessary escape character: \%                                 no-useless-escape
  580:430  warning  Expected a conditional expression and instead saw an assignment  no-cond-assign
  581:45   warning  Expected a conditional expression and instead saw an assignment  no-cond-assign
  581:384  warning  Expected a conditional expression and instead saw an assignment  no-cond-assign
  582:111  warning  Unnecessary escape character: \-                                 no-useless-escape
  592:197  warning  'unit' is not defined                                            no-undef
  592:218  warning  'unit' is not defined                                            no-undef
  592:233  warning  'unit' is not defined                                            no-undef
  592:243  warning  'unit' is not defined                                            no-undef
  601:30   warning  'jQuery' is not defined                                          no-undef
  602:1    warning  Unnecessary semicolon                                            no-extra-semi
  615:95   warning  'jQuery' is not defined                                          no-undef
  616:1    warning  Unnecessary semicolon                                            no-extra-semi
  630:347  warning  'jQuery' is not defined                                          no-undef
  631:1    warning  Unnecessary semicolon                                            no-extra-semi
  644:293  warning  'jQuery' is not defined                                          no-undef
  645:1    warning  Unnecessary semicolon                                            no-extra-semi
  658:294  warning  'jQuery' is not defined                                          no-undef
  659:1    warning  Unnecessary semicolon                                            no-extra-semi
  673:334  warning  'jQuery' is not defined                                          no-undef
  674:1    warning  Unnecessary semicolon                                            no-extra-semi
  686:294  warning  'jQuery' is not defined                                          no-undef
  687:1    warning  Unnecessary semicolon                                            no-extra-semi
  700:352  warning  'jQuery' is not defined                                          no-undef
  701:1    warning  Unnecessary semicolon                                            no-extra-semi
  714:103  warning  'jQuery' is not defined                                          no-undef
  715:1    warning  Unnecessary semicolon                                            no-extra-semi
  727:133  warning  'times' is not defined                                           no-undef
  727:164  warning  'duration' is not defined                                        no-undef
  727:220  warning  'isVisible' is not defined                                       no-undef
  727:247  warning  'animateTo' is not defined                                       no-undef
  727:263  warning  'isVisible' is not defined                                       no-undef
  727:300  warning  'animateTo' is not defined                                       no-undef
  727:326  warning  'isVisible' is not defined                                       no-undef
  727:349  warning  'isVisible' is not defined                                       no-undef
  727:359  warning  'times' is not defined                                           no-undef
  727:377  warning  'times' is not defined                                           no-undef
  727:407  warning  'animateTo' is not defined                                       no-undef
  727:418  warning  'duration' is not defined                                        no-undef
  727:445  warning  'animateTo' is not defined                                       no-undef
  727:456  warning  'animateTo' is not defined                                       no-undef
  727:490  warning  'animateTo' is not defined                                       no-undef
  727:501  warning  'duration' is not defined                                        no-undef
  728:29   warning  'animateTo' is not defined                                       no-undef
  728:152  warning  'jQuery' is not defined                                          no-undef
  729:1    warning  Unnecessary semicolon                                            no-extra-semi
  746:219  warning  'child' is not defined                                           no-undef
  746:251  warning  'child' is not defined                                           no-undef
  746:274  warning  'child' is not defined                                           no-undef
  746:295  warning  'child' is not defined                                           no-undef
  746:310  warning  'child' is not defined                                           no-undef
  746:371  warning  'child' is not defined                                           no-undef
  746:447  warning  'child' is not defined                                           no-undef
  746:482  warning  'child' is not defined                                           no-undef
  746:499  warning  'child' is not defined                                           no-undef
  747:1    warning  'child' is not defined                                           no-undef
  747:34   warning  'child' is not defined                                           no-undef
  747:49   warning  'child' is not defined                                           no-undef
  747:80   warning  'child' is not defined                                           no-undef
  747:115  warning  'child' is not defined                                           no-undef
  747:132  warning  'child' is not defined                                           no-undef
  747:144  warning  'child' is not defined                                           no-undef
  747:177  warning  'child' is not defined                                           no-undef
  747:192  warning  'child' is not defined                                           no-undef
  747:202  warning  'child' is not defined                                           no-undef
  747:212  warning  'child' is not defined                                           no-undef
  747:224  warning  'child' is not defined                                           no-undef
  747:238  warning  'child' is not defined                                           no-undef
  747:307  warning  'child' is not defined                                           no-undef
  748:100  warning  'jQuery' is not defined                                          no-undef
  749:1    warning  Unnecessary semicolon                                            no-extra-semi
  762:362  warning  'jQuery' is not defined                                          no-undef
  763:1    warning  Unnecessary semicolon                                            no-extra-semi
  776:291  warning  'jQuery' is not defined                                          no-undef
  777:1    warning  Unnecessary semicolon                                            no-extra-semi
  790:20   warning  'jQuery' is not defined                                          no-undef
  791:1    warning  Unnecessary semicolon                                            no-extra-semi

/home/runner/work/exp-thermal-models-edm-coep/exp-thermal-models-edm-coep/experiment/simulation/js/jquery.flot.js
    31:926   warning  Expected a conditional expression and instead saw an assignment  no-cond-assign
    31:1070  warning  Expected a conditional expression and instead saw an assignment  no-cond-assign
    31:1260  warning  Expected a conditional expression and instead saw an assignment  no-cond-assign
    31:1292  warning  Unnecessary escape character: \%                                 no-useless-escape
    31:1322  warning  Unnecessary escape character: \%                                 no-useless-escape
    31:1352  warning  Unnecessary escape character: \%                                 no-useless-escape
    31:1449  warning  Expected a conditional expression and instead saw an assignment  no-cond-assign
    31:1482  warning  Unnecessary escape character: \%                                 no-useless-escape
    31:1512  warning  Unnecessary escape character: \%                                 no-useless-escape
    31:1542  warning  Unnecessary escape character: \%                                 no-useless-escape
    31:1684  warning  Expected a conditional expression and instead saw an assignment  no-cond-assign
    31:1814  warning  Expected a conditional expression and instead saw an assignment  no-cond-assign
    31:2945  warning  'jQuery' is not defined                                          no-undef
   176:27    warning  'i' is defined but never used                                    no-unused-vars
   493:29    warning  'length' is defined but never used                               no-unused-vars
   494:32    warning  'x' is defined but never used                                    no-unused-vars
   494:35    warning  'y' is defined but never used                                    no-unused-vars
   494:38    warning  'axis' is defined but never used                                 no-unused-vars
   548:17    warning  'insertSteps' is not defined                                     no-undef
   602:29    warning  'insertSteps' is not defined                                     no-undef
   923:17    warning  'index' is defined but never used                                no-unused-vars
  1007:13    warning  'allocatedAxes' is not defined                                   no-undef
  1011:24    warning  'allocatedAxes' is not defined                                   no-undef
  1023:26    warning  'allocatedAxes' is not defined                                   no-undef
  1024:47    warning  'allocatedAxes' is not defined                                   no-undef
  1050:24    warning  'allocatedAxes' is not defined                                   no-undef
  1151:26    warning  'i' is already defined                                           no-redeclare
  1252:25    warning  'fmt' is not defined                                             no-undef
  1255:29    warning  'fmt' is not defined                                             no-undef
  1257:29    warning  'fmt' is not defined                                             no-undef
  1260:25    warning  'fmt' is not defined                                             no-undef
  1263:29    warning  'fmt' is not defined                                             no-undef
  1265:29    warning  'fmt' is not defined                                             no-undef
  1268:25    warning  'fmt' is not defined                                             no-undef
  1270:49    warning  'fmt' is not defined                                             no-undef
  1439:18    warning  'i' is not defined                                               no-undef
  1439:25    warning  'i' is not defined                                               no-undef
  1439:44    warning  'i' is not defined                                               no-undef
  1440:29    warning  'i' is not defined                                               no-undef
  1554:17    warning  'axes' is already defined                                        no-redeclare
  1802:28    warning  'top' is defined but never used                                  no-unused-vars
  1808:24    warning  Unexpected constant condition                                    no-constant-condition
  2254:30    warning  'foundPoint' is assigned a value but never used                  no-unused-vars
  2309:29    warning  'x' is already defined                                           no-redeclare
  2309:44    warning  'y' is already defined                                           no-redeclare
  2347:50    warning  's' is defined but never used                                    no-unused-vars
  2479:17    warning  'x' is already defined                                           no-redeclare
  2480:17    warning  'y' is already defined                                           no-redeclare
  2599:4     warning  'jQuery' is not defined                                          no-undef

/home/runner/work/exp-thermal-models-edm-coep/exp-thermal-models-edm-coep/experiment/simulation/js/jquery.qtip.min.js
  13:147    warning  'window' is already defined as a built-in global variable        no-redeclare
  13:177    warning  'console' is already defined as a built-in global variable       no-redeclare
  13:1661   warning  Empty block statement                                            no-empty
  13:2091   warning  Empty block statement                                            no-empty
  13:2886   warning  's' is defined but never used                                    no-unused-vars
  13:3765   warning  'h' is defined but never used                                    no-unused-vars
  13:4641   warning  'h' is defined but never used                                    no-unused-vars
  13:5378   warning  Expected a conditional expression and instead saw an assignment  no-cond-assign
  13:5612   warning  Expected a conditional expression and instead saw an assignment  no-cond-assign
  13:7115   warning  'c' is defined but never used                                    no-unused-vars
  13:7378   warning  'x' is assigned a value but never used                           no-unused-vars
  13:8340   warning  't' is assigned a value but never used                           no-unused-vars
  13:8354   warning  'v' is assigned a value but never used                           no-unused-vars
  13:11091  warning  'j' is assigned a value but never used                           no-unused-vars
  13:11708  warning  Empty block statement                                            no-empty
  13:13957  warning  Empty block statement                                            no-empty
  13:14996  warning  'a' is defined but never used                                    no-unused-vars
  13:15147  warning  'd' is assigned a value but never used                           no-unused-vars
  13:18971  warning  Expected a conditional expression and instead saw an assignment  no-cond-assign
  13:21584  warning  Expected a conditional expression and instead saw an assignment  no-cond-assign
  13:22642  warning  'o' is defined but never used                                    no-unused-vars
  13:23929  warning  'h' is defined but never used                                    no-unused-vars
  13:30940  warning  'c' is assigned a value but never used                           no-unused-vars
  13:31143  warning  'r' is assigned a value but never used                           no-unused-vars
  13:34453  warning  'c' is assigned a value but never used                           no-unused-vars
  13:34461  warning  'd' is assigned a value but never used                           no-unused-vars
  13:34899  warning  Empty block statement                                            no-empty
  13:35316  warning  'e' is defined but never used                                    no-unused-vars
  13:36850  warning  'm' is defined but never used                                    no-unused-vars
  13:38612  warning  'c' is defined but never used                                    no-unused-vars

/home/runner/work/exp-thermal-models-edm-coep/exp-thermal-models-edm-coep/experiment/simulation/js/jquery.simplemodal.js
  10:276  warning  'jQuery' is not defined    no-undef
  23:134  warning  'b' is assigned to itself  no-self-assign
  23:138  warning  'c' is assigned to itself  no-self-assign
  25:246  warning  'jQuery' is not defined    no-undef

/home/runner/work/exp-thermal-models-edm-coep/exp-thermal-models-edm-coep/experiment/simulation/js/jquery.tinyscrollbar.min.js
  1:223   warning  'b' is defined but never used  no-unused-vars
  1:433   warning  'b' is already defined         no-redeclare
  1:2519  warning  'c' is already defined         no-redeclare
  1:2713  warning  'jQuery' is not defined        no-undef

/home/runner/work/exp-thermal-models-edm-coep/exp-thermal-models-edm-coep/experiment/simulation/js/jsxgraphcore.js
  7539:5  error  Parsing error: Deleting local variable in strict mode

/home/runner/work/exp-thermal-models-edm-coep/exp-thermal-models-edm-coep/experiment/simulation/js/model.js
   1:1   warning  'jQuery' is not defined      no-undef
  23:13  warning  'drawCharts' is not defined  no-undef

/home/runner/work/exp-thermal-models-edm-coep/exp-thermal-models-edm-coep/experiment/simulation/js/model1.js
   1:1   warning  'jQuery' is not defined  no-undef
  23:13  warning  'image' is not defined   no-undef

/home/runner/work/exp-thermal-models-edm-coep/exp-thermal-models-edm-coep/experiment/simulation/js/modules/exporting.js
   9:19   warning  'Highcharts' is not defined       no-undef
  14:201  warning  'Highcharts' is not defined       no-undef
  14:318  warning  'e' is already defined            no-redeclare
  15:489  warning  Unnecessary escape character: \/  no-useless-escape
  16:361  warning  'b' is already defined            no-redeclare
  20:57   warning  'b' is already defined            no-redeclare

/home/runner/work/exp-thermal-models-edm-coep/exp-thermal-models-edm-coep/experiment/simulation/js/modules/exporting.src.js
   11:22  warning  'document' is already defined as a built-in global variable    no-redeclare
   11:32  warning  'window' is already defined as a built-in global variable      no-redeclare
   11:40  warning  'Math' is already defined as a built-in global variable        no-redeclare
   11:46  warning  'setTimeout' is already defined as a built-in global variable  no-redeclare
  320:31  warning  Unnecessary escape character: \/                               no-useless-escape

/home/runner/work/exp-thermal-models-edm-coep/exp-thermal-models-edm-coep/experiment/simulation/js/popupDiv.js
  10:1   warning  'x' is not defined                      no-undef
  11:1   warning  'y' is not defined                      no-undef
  12:10  warning  'setVisible' is defined but never used  no-unused-vars
  17:10  warning  'hideMe' is defined but never used      no-unused-vars
  22:10  warning  'placeIt' is defined but never used     no-unused-vars
  27:3   warning  'theLeft' is not defined                no-undef
  28:3   warning  'theTop' is not defined                 no-undef
  32:3   warning  'theLeft' is not defined                no-undef
  33:3   warning  'theTop' is not defined                 no-undef
  35:2   warning  'theLeft' is not defined                no-undef
  35:13  warning  'x' is not defined                      no-undef
  36:2   warning  'theTop' is not defined                 no-undef
  36:12  warning  'y' is not defined                      no-undef
  37:19  warning  'theLeft' is not defined                no-undef
  38:18  warning  'theTop' is not defined                 no-undef

/home/runner/work/exp-thermal-models-edm-coep/exp-thermal-models-edm-coep/experiment/simulation/js/pulsedheating.js
   90:28  warning  'jQuery' is not defined                         no-undef
   97:2   warning  Unnecessary semicolon                           no-extra-semi
  108:2   warning  Mixed spaces and tabs                           no-mixed-spaces-and-tabs
  109:2   warning  Mixed spaces and tabs                           no-mixed-spaces-and-tabs
  110:2   warning  Mixed spaces and tabs                           no-mixed-spaces-and-tabs
  111:2   warning  Mixed spaces and tabs                           no-mixed-spaces-and-tabs
  112:2   warning  Mixed spaces and tabs                           no-mixed-spaces-and-tabs
  113:2   warning  Mixed spaces and tabs                           no-mixed-spaces-and-tabs
  114:2   warning  Mixed spaces and tabs                           no-mixed-spaces-and-tabs
  114:18  warning  'ssx' is assigned a value but never used        no-unused-vars
  114:44  warning  'sxxx' is already defined                       no-redeclare
  115:2   warning  Mixed spaces and tabs                           no-mixed-spaces-and-tabs
  116:2   warning  Mixed spaces and tabs                           no-mixed-spaces-and-tabs
  133:11  warning  'i' is already defined                          no-redeclare
  158:8   warning  'chart' is assigned a value but never used      no-unused-vars
  158:20  warning  'Highcharts' is not defined                     no-undef
  162:4   warning  Mixed spaces and tabs                           no-mixed-spaces-and-tabs
  163:8   warning  Mixed spaces and tabs                           no-mixed-spaces-and-tabs
  164:4   warning  Mixed spaces and tabs                           no-mixed-spaces-and-tabs
  170:3   warning  Mixed spaces and tabs                           no-mixed-spaces-and-tabs
  171:3   warning  Mixed spaces and tabs                           no-mixed-spaces-and-tabs
  172:3   warning  Mixed spaces and tabs                           no-mixed-spaces-and-tabs
  173:3   warning  Mixed spaces and tabs                           no-mixed-spaces-and-tabs
  180:3   warning  Mixed spaces and tabs                           no-mixed-spaces-and-tabs
  181:3   warning  Mixed spaces and tabs                           no-mixed-spaces-and-tabs
  182:3   warning  Mixed spaces and tabs                           no-mixed-spaces-and-tabs
  183:3   warning  Mixed spaces and tabs                           no-mixed-spaces-and-tabs
  186:3   warning  Mixed spaces and tabs                           no-mixed-spaces-and-tabs
  202:8   warning  'chart' is assigned a value but never used      no-unused-vars
  202:20  warning  'Highcharts' is not defined                     no-undef
  206:4   warning  Mixed spaces and tabs                           no-mixed-spaces-and-tabs
  207:8   warning  Mixed spaces and tabs                           no-mixed-spaces-and-tabs
  208:4   warning  Mixed spaces and tabs                           no-mixed-spaces-and-tabs
  214:3   warning  Mixed spaces and tabs                           no-mixed-spaces-and-tabs
  215:3   warning  Mixed spaces and tabs                           no-mixed-spaces-and-tabs
  216:3   warning  Mixed spaces and tabs                           no-mixed-spaces-and-tabs
  217:3   warning  Mixed spaces and tabs                           no-mixed-spaces-and-tabs
  224:3   warning  Mixed spaces and tabs                           no-mixed-spaces-and-tabs
  225:3   warning  Mixed spaces and tabs                           no-mixed-spaces-and-tabs
  226:3   warning  Mixed spaces and tabs                           no-mixed-spaces-and-tabs
  227:3   warning  Mixed spaces and tabs                           no-mixed-spaces-and-tabs
  230:3   warning  Mixed spaces and tabs                           no-mixed-spaces-and-tabs
  282:7   warning  'c' is already defined                          no-redeclare
  295:6   warning  'centerX' is assigned a value but never used    no-unused-vars
  296:6   warning  'centerY' is assigned a value but never used    no-unused-vars
  297:6   warning  'radius' is assigned a value but never used     no-unused-vars
  298:6   warning  'lineWidth' is assigned a value but never used  no-unused-vars
  324:6   warning  'i' is already defined                          no-redeclare
  324:6   warning  'i' is assigned a value but never used          no-unused-vars
  333:2   warning  Unnecessary semicolon                           no-extra-semi
  336:1   warning  '$' is not defined                              no-undef
  337:5   warning  '$' is not defined                              no-undef
  349:7   warning  'i' is assigned a value but never used          no-unused-vars
  349:14  warning  'j' is assigned a value but never used          no-unused-vars
  352:3   warning  '$' is not defined                              no-undef
  353:14  warning  '$' is not defined                              no-undef
  354:22  warning  '$' is not defined                              no-undef
  358:3   warning  '$' is not defined                              no-undef
  359:25  warning  '$' is not defined                              no-undef
  362:5   warning  '$' is not defined                              no-undef
  365:5   warning  '$' is not defined                              no-undef
  367:5   warning  '$' is not defined                              no-undef
  372:3   warning  '$' is not defined                              no-undef
  374:14  warning  '$' is not defined                              no-undef
  375:22  warning  '$' is not defined                              no-undef
  379:6   warning  'diagram' is not defined                        no-undef
  380:18  warning  Empty block statement                           no-empty
  385:6   warning  'bendLine' is not defined                       no-undef
  386:18  warning  Empty block statement                           no-empty
  392:3   warning  '$' is not defined                              no-undef
  393:4   warning  '$' is not defined                              no-undef
  394:4   warning  '$' is not defined                              no-undef
  399:4   warning  '$' is not defined                              no-undef
  407:4   warning  '$' is not defined                              no-undef
  408:4   warning  '$' is not defined                              no-undef
  421:4   warning  '$' is not defined                              no-undef
  425:3   warning  '$' is not defined                              no-undef
  431:3   warning  '$' is not defined                              no-undef
  432:4   warning  '$' is not defined                              no-undef
  433:4   warning  '$' is not defined                              no-undef
  437:3   warning  '$' is not defined                              no-undef

/home/runner/work/exp-thermal-models-edm-coep/exp-thermal-models-edm-coep/experiment/simulation/js/raphael.js
  3718:58  error  Parsing error: Deleting local variable in strict mode

/home/runner/work/exp-thermal-models-edm-coep/exp-thermal-models-edm-coep/experiment/simulation/js/swfobject.js
  4:1074  warning  'ActiveXObject' is not defined          no-undef
  4:1245  warning  Empty block statement                   no-empty
  4:1297  warning  'k' is assigned a value but never used  no-unused-vars
  4:6921  warning  Empty block statement                   no-empty
  4:7918  warning  Unnecessary escape character: \"        no-useless-escape
  4:7922  warning  Unnecessary escape character: \.        no-useless-escape
  4:8017  warning  'd' is assigned a value but never used  no-unused-vars

/home/runner/work/exp-thermal-models-edm-coep/exp-thermal-models-edm-coep/experiment/simulation/js/themes/dark-blue.js
    6:1   warning  'Highcharts' is not defined                             no-undef
  263:5   warning  'highchartsOptions' is assigned a value but never used  no-unused-vars
  263:25  warning  'Highcharts' is not defined                             no-undef
  263:47  warning  'Highcharts' is not defined                             no-undef

/home/runner/work/exp-thermal-models-edm-coep/exp-thermal-models-edm-coep/experiment/simulation/js/themes/dark-green.js
    6:1   warning  'Highcharts' is not defined                             no-undef
  263:5   warning  'highchartsOptions' is assigned a value but never used  no-unused-vars
  263:25  warning  'Highcharts' is not defined                             no-undef
  263:47  warning  'Highcharts' is not defined                             no-undef

/home/runner/work/exp-thermal-models-edm-coep/exp-thermal-models-edm-coep/experiment/simulation/js/themes/gray.js
    6:1   warning  'Highcharts' is not defined                             no-undef
  262:5   warning  'highchartsOptions' is assigned a value but never used  no-unused-vars
  262:25  warning  'Highcharts' is not defined                             no-undef
  262:47  warning  'Highcharts' is not defined                             no-undef

/home/runner/work/exp-thermal-models-edm-coep/exp-thermal-models-edm-coep/experiment/simulation/js/themes/grid.js
   6:1   warning  'Highcharts' is not defined                             no-undef
  95:5   warning  'highchartsOptions' is assigned a value but never used  no-unused-vars
  95:25  warning  'Highcharts' is not defined                             no-undef
  95:47  warning  'Highcharts' is not defined                             no-undef

/home/runner/work/exp-thermal-models-edm-coep/exp-thermal-models-edm-coep/experiment/simulation/js/themes/skies.js
   6:1   warning  'Highcharts' is not defined                             no-undef
  89:5   warning  'highchartsOptions' is assigned a value but never used  no-unused-vars
  89:25  warning  'Highcharts' is not defined                             no-undef
  89:47  warning  'Highcharts' is not defined                             no-undef

✖ 756 problems (2 errors, 754 warnings)
  0 errors and 38 warnings potentially fixable with the `--fix` option.

